C:\Users\zkm_0\AppData\Local\Programs\Python\Python313\Lib\site-packages\django\db\models\base.py:388: RuntimeWarning: Model 'collection_app.auditlog' was already registered. Reloading models is not advised as it can lead to inconsistencies, most notably with related models.
  new_class._meta.apps.register_model(new_class._meta.app_label, new_class)
